# CMSIS Build CMakeLists generated on 2021-03-30T08:49:42

cmake_minimum_required(VERSION 3.18)

# Target options

set(TARGET RelativePath)
set(CPU Cortex-M0)
set(PRJ_DIR "C:/sandbox/devtools/build/TestOutput/TestData/Examples/AC6/RelativePath")
set(OUT_DIR "C:/sandbox/devtools/build/TestOutput/TestData/Examples/AC6/RelativePath/OutDir")
set(INT_DIR "C:/sandbox/devtools/build/TestOutput/TestData/Examples/AC6/RelativePath/IntDir")
set(LD_SCRIPT "C:/sandbox/devtools/build/TestOutput/TestData/Examples/AC6/RelativePath/RTE/Device/ARMCM0/ARMCM0_ac6.sct")

set(DEFINES
  ARMCM0
  _RTE_
  DEF1
  DEF2=2
)

set(INC_PATHS
  "C:/sandbox/devtools/build/TestOutput/TestData/Examples/AC6/RelativePath/RTE/_Project"
  "C:/sandbox/devtools/build/TestOutput/TestData/Examples/AC6/RelativePath/inc"
  "C:/sandbox/devtools/build/TestOutput/TestData/Examples/AC6/RelativePath/inc2"
  "C:/Users/Test/AppData/Local/Arm/Packs/ARM/CMSIS/5.7.0/CMSIS/Core/Include"
  "C:/Users/Test/AppData/Local/Arm/Packs/ARM/CMSIS/5.7.0/Device/ARM/ARMCM0/Include"
)

set(CC_SRC_FILES
  "C:/sandbox/devtools/build/TestOutput/TestData/Examples/AC6/RelativePath/RTE/Device/ARMCM0/startup_ARMCM0.c"
  "C:/sandbox/devtools/build/TestOutput/TestData/Examples/AC6/RelativePath/RTE/Device/ARMCM0/system_ARMCM0.c"
  "C:/sandbox/devtools/build/TestOutput/TestData/Examples/AC6/RelativePath/File.c"
)

# Toolchain config map

include ("C:/sandbox/devtools/build/TestOutput/cbuild/etc/AC6.6.16.0.cmake")

# Setup project

project(${TARGET} LANGUAGES C)

# Global Flags

set(CMAKE_C_FLAGS "${CC_CPU} ${CC_DEFINES} ${CC_FLAGS} ${CC_SYS_INC_PATHS}")
set(CMAKE_C_LINK_FLAGS "${LD_CPU} ${_LS}\"${LD_SCRIPT}\" ${LD_FLAGS}")

# Compilation Database

set(CMAKE_EXPORT_COMPILE_COMMANDS ON)
add_custom_target(database COMMAND ${CMAKE_COMMAND} -E copy_if_different "${INT_DIR}/compile_commands.json" "${OUT_DIR}")

# Setup Target

add_executable(${TARGET} ${CC_SRC_FILES})
set(CMAKE_EXECUTABLE_SUFFIX ${EXE_SUFFIX})
set_target_properties(${TARGET} PROPERTIES RUNTIME_OUTPUT_DIRECTORY ${OUT_DIR} LINK_DEPENDS ${LD_SCRIPT})
target_include_directories(${TARGET} PUBLIC ${INC_PATHS})

# Bin and Hex Conversion

add_custom_command(TARGET ${TARGET} POST_BUILD COMMAND ${CMAKE_OBJCOPY} ${ELF2HEX})
add_custom_command(TARGET ${TARGET} POST_BUILD COMMAND ${CMAKE_OBJCOPY} ${ELF2BIN})
