# CMSIS Build CMakeLists generated on 2021-07-06T11:36:35

cmake_minimum_required(VERSION 3.22)

# Target options

set(TARGET CM33_s)
set(CPU Cortex-M33)
set(PRJ_DIR "C:/sandbox/devtools/build/TestOutput/TestData/Examples/GCC/TrustZone/CM33_s")
set(OUT_DIR "C:/sandbox/devtools/build/TestOutput/TestData/Examples/GCC/TrustZone/CM33_s/OutDir")
set(INT_DIR "C:/sandbox/devtools/build/TestOutput/TestData/Examples/GCC/TrustZone/CM33_s/IntDir")
set(FPU SP_FPU)
set(DSP DSP)
set(TZ TZ)
set(SECURE Secure)
set(MVE NO_MVE)
set(BYTE_ORDER Little-endian)
set(AS_FLAGS_GLOBAL "--gdwarf-2 -mthumb")
set(CC_FLAGS_GLOBAL "-O -Wall -gdwarf-2 -mapcs-frame -mthumb")
set(LD_FLAGS_GLOBAL "--entry=Reset_Handler --specs=nosys.specs -Wl,--cmse-implib  -Wl,--out-implib=\"C:/sandbox/devtools/build/TestOutput/TestData/Examples/GCC/TrustZone/CM33_s/./OutDir/CM33_s_CMSE_Lib.o\" -Wl,--section-start=.gnu.sgstubs=0x10000 -mcpu=cortex-m33 -mfloat-abi=hard -mfpu=fpv5-sp-d16 -mthumb")
set(LD_SCRIPT "C:/sandbox/devtools/build/TestOutput/TestData/Examples/GCC/TrustZone/CM33_s/RTE/Device/ARMCM33_DSP_FP_TZ/gcc_arm.ld")
set(CMSE_LIB "CM33_s_CMSE_Lib.o")

set(DEFINES
  ARMCM33_DSP_FP_TZ
  _RTE_
)

set(INC_PATHS
  "C:/Users/Test/AppData/Local/Arm/Packs/ARM/CMSIS/5.8.0/CMSIS/Core/Include"
  "C:/Users/Test/AppData/Local/Arm/Packs/ARM/CMSIS/5.8.0/Device/ARM/ARMCM33/Include"
  "C:/sandbox/devtools/build/TestOutput/TestData/Examples/GCC/TrustZone/CM33_s/RTE/Device/ARMCM33_DSP_FP_TZ"
  "C:/sandbox/devtools/build/TestOutput/TestData/Examples/GCC/TrustZone/CM33_s/RTE/_FVP_Simulation_Model"
)

set(CC_SRC_FILES
  "C:/sandbox/devtools/build/TestOutput/TestData/Examples/GCC/TrustZone/CM33_s/interface.c"
  "C:/sandbox/devtools/build/TestOutput/TestData/Examples/GCC/TrustZone/CM33_s/tz_context.c"
  "C:/sandbox/devtools/build/TestOutput/TestData/Examples/GCC/TrustZone/CM33_s/main_s.c"
  "C:/sandbox/devtools/build/TestOutput/TestData/Examples/GCC/TrustZone/CM33_s/RTE/Device/ARMCM33_DSP_FP_TZ/startup_ARMCM33.c"
  "C:/sandbox/devtools/build/TestOutput/TestData/Examples/GCC/TrustZone/CM33_s/RTE/Device/ARMCM33_DSP_FP_TZ/system_ARMCM33.c"
)

# Toolchain config map

set(REGISTERED_TOOLCHAIN_ROOT "C:/Compilers/GCC/10.3.1/bin")
set(REGISTERED_TOOLCHAIN_VERSION "10.3.1")
set(TOOLCHAIN_VERSION_MIN "10.2.1")
include ("C:/sandbox/cbuild/etc/GCC.10.2.1.cmake")
include ("C:/sandbox/cbuild/etc/CMSIS-Build-Utils.cmake")

# Setup project

project(${TARGET} LANGUAGES C)

cbuild_get_running_toolchain(TOOLCHAIN_ROOT TOOLCHAIN_VERSION C)

# Global Flags

cbuild_get_system_includes(CC_SYS_INC_PATHS_LIST CC_SYS_INC_PATHS)
set(CMAKE_C_FLAGS "${CC_CPU} ${CC_BYTE_ORDER} ${CC_DEFINES} ${CC_SECURE} ${CC_FLAGS} ${CC_FLAGS_GLOBAL} ${CC_SYS_INC_PATHS}")
set(CMAKE_C_LINK_FLAGS "${LD_CPU} ${_LS}\"${LD_SCRIPT}\" ${LD_SECURE} ${LD_FLAGS_GLOBAL} ${LD_FLAGS}")

# Compilation Database

set(CMAKE_EXPORT_COMPILE_COMMANDS ON)
add_custom_target(database COMMAND ${CMAKE_COMMAND} -E copy_if_different "${INT_DIR}/compile_commands.json" "${OUT_DIR}")

# Setup Target

add_executable(${TARGET} ${CC_SRC_FILES})
set_target_properties(${TARGET} PROPERTIES PREFIX "" OUTPUT_NAME "${TARGET}")
set_target_properties(${TARGET} PROPERTIES RUNTIME_OUTPUT_DIRECTORY ${OUT_DIR} LINK_DEPENDS ${LD_SCRIPT})
target_include_directories(${TARGET} PUBLIC ${INC_PATHS})
