# CMSIS Build CMakeLists generated on 2022-03-24T09:23:57

cmake_minimum_required(VERSION 3.18)

# Target options

set(TARGET Project)
set(CPU Cortex-M3)
set(PRJ_DIR "C:/Sandbox/devtools-external/build/testoutput/GCC/TranslationControl/Project2")
set(OUT_DIR "C:/Sandbox/devtools-external/build/testoutput/GCC/TranslationControl/Project2/OutDir")
set(INT_DIR "C:/Sandbox/devtools-external/build/testoutput/GCC/TranslationControl/Project2/IntDir")
set(FPU NO_FPU)
set(DSP NO_DSP)
set(TZ NO_TZ)
set(SECURE Non-secure)
set(MVE NO_MVE)
set(BYTE_ORDER Little-endian)
set(CC_FLAGS_GLOBAL "-O -Wall -gdwarf-2 -mapcs-frame -mthumb")
set(LD_FLAGS_GLOBAL "--entry=Reset_Handler --specs=nosys.specs -mcpu=cortex-m3 -mthumb")
set(LD_SCRIPT "C:/Sandbox/devtools-external/build/testoutput/GCC/TranslationControl/Project2/RTE/Device/ARMCM3/gcc_arm.ld")

set(DEFINES
  ARMCM3
  _RTE_
  DEF1
  DEF2=2
  DEF3
)

set(DEFINES_C:/Sandbox/devtools-external/build/testoutput/GCC/TranslationControl/Project2/File.c
  ARMCM3
  _RTE_
  DEF1
  DEF2=2
  DEF1-GROUP
  DEF1-FILE
  DEF2-FILE
)

set(DEFINES_C:/Sandbox/devtools-external/build/testoutput/GCC/TranslationControl/Project2/File2.cpp
  ARMCM3
  _RTE_
  DEF1
  DEF3
  DEF3-FILE
)

set(DEFINES_C:/Sandbox/devtools-external/build/testoutput/GCC/TranslationControl/Project2/File1.c
  ARMCM3
  _RTE_
  DEF1
  DEF2=2
  DEF3
  DEF1-GROUP
  DEF2-GROUP
  DEF1-FILE
  DEF2-FILE
)

set(DEFINES_C:/Sandbox/devtools-external/build/testoutput/GCC/TranslationControl/Project2/RTE/Device/ARMCM3/startup_ARMCM3.c
  ARMCM3
  _RTE_
  DEF1
  DEF2=2
  DEF1-COMP
  DEF2-COMP
)

set(DEFINES_C:/Sandbox/devtools-external/build/testoutput/GCC/TranslationControl/Project2/RTE/Device/ARMCM3/system_ARMCM3.c
  ARMCM3
  _RTE_
  DEF1
  DEF2=2
  DEF1-COMP
  DEF2-COMP
)

set(INC_PATHS
  "C:/Sandbox/devtools-external/build/testoutput/GCC/TranslationControl/Project2/RTE/_Project"
  "C:/Users/user1/AppData/Local/Arm/Packs/ARM/CMSIS/5.8.0/CMSIS/Core/Include"
  "C:/Users/user1/AppData/Local/Arm/Packs/ARM/CMSIS/5.8.0/Device/ARM/ARMCM3/Include"
  "C:/Sandbox/devtools-external/build/testoutput/GCC/TranslationControl/Project2"
)

set(INC_PATHS_C:/Sandbox/devtools-external/build/testoutput/GCC/TranslationControl/Project2/File.c
  "C:/Sandbox/devtools-external/build/testoutput/GCC/TranslationControl/Project2/RTE/_Project"
  "C:/Users/user1/AppData/Local/Arm/Packs/ARM/CMSIS/5.8.0/CMSIS/Core/Include"
  "C:/Users/user1/AppData/Local/Arm/Packs/ARM/CMSIS/5.8.0/Device/ARM/ARMCM3/Include"
  "C:/Sandbox/devtools-external/build/testoutput/GCC/TranslationControl/Project2"
  "C:/Sandbox/devtools-external/build/testoutput/GCC/TranslationControl/Project2/inc1"
)

set(INC_PATHS_C:/Sandbox/devtools-external/build/testoutput/GCC/TranslationControl/Project2/File2.cpp
  "C:/Sandbox/devtools-external/build/testoutput/GCC/TranslationControl/Project2/RTE/_Project"
  "C:/Users/user1/AppData/Local/Arm/Packs/ARM/CMSIS/5.8.0/CMSIS/Core/Include"
  "C:/Users/user1/AppData/Local/Arm/Packs/ARM/CMSIS/5.8.0/Device/ARM/ARMCM3/Include"
  "C:/Sandbox/devtools-external/build/testoutput/GCC/TranslationControl/Project2"
  "C:/Sandbox/devtools-external/build/testoutput/GCC/TranslationControl/Project2/inc2"
)

set(INC_PATHS_C:/Sandbox/devtools-external/build/testoutput/GCC/TranslationControl/Project2/File1.c
  "C:/Sandbox/devtools-external/build/testoutput/GCC/TranslationControl/Project2/RTE/_Project"
  "C:/Users/user1/AppData/Local/Arm/Packs/ARM/CMSIS/5.8.0/CMSIS/Core/Include"
  "C:/Users/user1/AppData/Local/Arm/Packs/ARM/CMSIS/5.8.0/Device/ARM/ARMCM3/Include"
  "C:/Sandbox/devtools-external/build/testoutput/GCC/TranslationControl/Project2"
  "C:/Sandbox/devtools-external/build/testoutput/GCC/TranslationControl/Project2/inc1"
  "C:/Sandbox/devtools-external/build/testoutput/GCC/TranslationControl/Project2/inc2"
  "C:/Sandbox/devtools-external/build/testoutput/GCC/TranslationControl/Project2/inc"
)

set(CC_SRC_FILES
  "C:/Sandbox/devtools-external/build/testoutput/GCC/TranslationControl/Project2/File.c"
  "C:/Sandbox/devtools-external/build/testoutput/GCC/TranslationControl/Project2/File1.c"
  "C:/Sandbox/devtools-external/build/testoutput/GCC/TranslationControl/Project2/RTE/Device/ARMCM3/startup_ARMCM3.c"
  "C:/Sandbox/devtools-external/build/testoutput/GCC/TranslationControl/Project2/RTE/Device/ARMCM3/system_ARMCM3.c"
)

set(CXX_SRC_FILES
  "C:/Sandbox/devtools-external/build/testoutput/GCC/TranslationControl/Project2/File2.cpp"
)

set(CC_FLAGS_C:/Sandbox/devtools-external/build/testoutput/GCC/TranslationControl/Project2/File.c "-O -Wall -gdwarf-2 -mapcs-frame -mthumb -C-File")
set(CXX_FLAGS_C:/Sandbox/devtools-external/build/testoutput/GCC/TranslationControl/Project2/File2.cpp "-O3 -Wall -gdwarf-2 -mapcs-frame -mthumb")

# Toolchain config map

include ("C:/Sandbox/devtools-external/build/testoutput/cbuild/etc/GCC.10.2.1.cmake")

# Setup project

project(${TARGET} LANGUAGES C CXX)

# Global Flags

set(CMAKE_C_FLAGS "${CC_CPU} ${CC_BYTE_ORDER} ${CC_DEFINES} ${CC_SECURE} ${CC_FLAGS} ${CC_SYS_INC_PATHS}")
set(CMAKE_CXX_FLAGS "${CXX_CPU} ${CXX_BYTE_ORDER} ${CXX_DEFINES} ${CXX_SECURE} ${CXX_FLAGS} ${CXX_SYS_INC_PATHS}")
set(CMAKE_CXX_LINK_FLAGS "${LD_CPU} ${LD_SCRIPT} ${LD_SECURE} ${LD_FLAGS_GLOBAL} ${LD_FLAGS}")

# Local Flags

foreach(SRC ${CC_SRC_FILES})
  string(REPLACE " " "?" S ${SRC})
  if(DEFINED CC_FLAGS_${S})
    set(CC_FLAGS_LOCAL "${CC_FLAGS_${S}}")
  else()
    set(CC_FLAGS_LOCAL "${CC_FLAGS_GLOBAL}")
  endif()
  set_source_files_properties(${SRC} PROPERTIES COMPILE_FLAGS "${CC_FLAGS_LOCAL}")
endforeach()

foreach(SRC ${CXX_SRC_FILES})
  string(REPLACE " " "?" S ${SRC})
  if(DEFINED CXX_FLAGS_${S})
    set(CXX_FLAGS_LOCAL "${CXX_FLAGS_${S}}")
  else()
    set(CXX_FLAGS_LOCAL "${CXX_FLAGS_GLOBAL}")
  endif()
  set_source_files_properties(${SRC} PROPERTIES COMPILE_FLAGS "${CXX_FLAGS_LOCAL}")
endforeach()

# Compilation Database

set(CMAKE_EXPORT_COMPILE_COMMANDS ON)
add_custom_target(database COMMAND ${CMAKE_COMMAND} -E copy_if_different "${INT_DIR}/compile_commands.json" "${OUT_DIR}")

# Setup Target

add_executable(${TARGET} ${CC_SRC_FILES} ${CXX_SRC_FILES})
set(CMAKE_EXECUTABLE_SUFFIX ${EXE_SUFFIX})
set_target_properties(${TARGET} PROPERTIES RUNTIME_OUTPUT_DIRECTORY ${OUT_DIR})
target_include_directories(${TARGET} PUBLIC ${INC_PATHS})

# Bin and Hex Conversion

add_custom_command(TARGET ${TARGET} POST_BUILD COMMAND ${CMAKE_OBJCOPY} ${ELF2HEX})
add_custom_command(TARGET ${TARGET} POST_BUILD COMMAND ${CMAKE_OBJCOPY} ${ELF2BIN})
