# CMSIS Build CMakeLists generated on 2021-03-30T08:55:31

cmake_minimum_required(VERSION 3.22)

# Target options

set(TARGET Simulation)
set(CPU Cortex-M3)
set(PRJ_DIR "C:/sandbox/devtools/build/TestOutput/TestData/Examples/AC6/Whitespace")
set(OUT_DIR "C:/sandbox/devtools/build/TestOutput/TestData/Examples/AC6/Whitespace/OutDir")
set(INT_DIR "C:/sandbox/devtools/build/TestOutput/TestData/Examples/AC6/Whitespace/IntDir")
set(FPU NO_FPU)
set(DSP NO_DSP)
set(TZ NO_TZ)
set(MVE NO_MVE)
set(BYTE_ORDER Little-endian)
set(CC_FLAGS_GLOBAL "-I \"C:/sandbox/devtools/build/TestOutput/TestData/Examples/AC6/Whitespace/./tes t\" -O1 -Wno-documentation -Wno-documentation-unknown-command -Wno-license-management -Wno-missing-noreturn -Wno-missing-prototypes -Wno-missing-variable-declarations -Wno-nonportable-include-path -Wno-packed -Wno-parentheses-equality -Wno-reserved-id-macro -Wno-sign-conversion -Wno-unused-macros -ffunction-sections -fno-rtti -fshort-enums -fshort-wchar -funsigned-char -gdwarf-3 -std=c99 -xc")
set(LD_FLAGS_GLOBAL "--callgraph --entry=Reset_Handler --info sizes --info summarysizes --info totals --info unused --info veneers --load_addr_map_info --map --strict --summary_stderr --symbols --xref")
set(LD_SCRIPT "C:/sandbox/devtools/build/TestOutput/TestData/Examples/AC6/Whitespace/RTE/Device/ARMCM3/ARMCM3_ac6.sct")

set(DEFINES
  ARMCM3
  _RTE_
)

set(INC_PATHS
  "C:/Users/Test/AppData/Local/Arm/Packs/ARM/CMSIS/5.7.0/CMSIS/Core/Include"
  "C:/Users/Test/AppData/Local/Arm/Packs/ARM/CMSIS/5.7.0/CMSIS/RTOS2/Include"
  "C:/Users/Test/AppData/Local/Arm/Packs/ARM/CMSIS/5.7.0/CMSIS/RTOS2/RTX/Include"
  "C:/Users/Test/AppData/Local/Arm/Packs/ARM/CMSIS/5.7.0/Device/ARM/ARMCM3/Include"
  "C:/sandbox/devtools/build/TestOutput/TestData/Examples/AC6/Whitespace/RTE/CMSIS"
  "C:/sandbox/devtools/build/TestOutput/TestData/Examples/AC6/Whitespace/RTE/_Target_Name"
  "C:/sandbox/devtools/build/TestOutput/TestData/Examples/AC6/Whitespace/tes t"
)

set(CC_SRC_FILES
  "C:/sandbox/devtools/build/TestOutput/TestData/Examples/AC6/Whitespace/RTE/CMSIS/RTX_Config.c"
  "C:/Users/Test/AppData/Local/Arm/Packs/ARM/CMSIS/5.7.0/CMSIS/RTOS2/RTX/Source/rtx_lib.c"
  "C:/Users/Test/AppData/Local/Arm/Packs/Keil/ARM_Compiler/1.6.3/Source/retarget_io.c"
  "C:/sandbox/devtools/build/TestOutput/TestData/Examples/AC6/Whitespace/RTE/Device/ARMCM3/startup_ARMCM3.c"
  "C:/sandbox/devtools/build/TestOutput/TestData/Examples/AC6/Whitespace/RTE/Device/ARMCM3/system_ARMCM3.c"
  "C:/sandbox/devtools/build/TestOutput/TestData/Examples/AC6/Whitespace/White space.c"
)

set(LIB_FILES
  "C:/Users/Test/AppData/Local/Arm/Packs/ARM/CMSIS/5.7.0/CMSIS/RTOS2/RTX/Library/ARM/RTX_CM3.lib"
)

# Toolchain config map

set(REGISTERED_TOOLCHAIN_ROOT "C:/Compilers/AC6/6.18.0/bin")
set(REGISTERED_TOOLCHAIN_VERSION "6.18.0")
set(TOOLCHAIN_VERSION_MIN "6.0.0")
set(TOOLCHAIN_VERSION_MAX "6.99.99")
include ("C:/sandbox/cbuild/etc/AC6.6.18.0.cmake")
include ("C:/sandbox/cbuild/etc/CMSIS-Build-Utils.cmake")

# Setup project

project(${TARGET} LANGUAGES C)

cbuild_get_running_toolchain(TOOLCHAIN_ROOT TOOLCHAIN_VERSION C)

# Global Flags

cbuild_get_system_includes(CC_SYS_INC_PATHS_LIST CC_SYS_INC_PATHS)
set(CMAKE_C_FLAGS "${CC_CPU} ${CC_BYTE_ORDER} ${CC_DEFINES} ${CC_FLAGS} ${CC_FLAGS_GLOBAL} ${CC_SYS_INC_PATHS}")
set(CMAKE_C_LINK_FLAGS "${LD_CPU} ${_LS}\"${LD_SCRIPT}\" ${LD_FLAGS_GLOBAL} ${LD_FLAGS}")

# Compilation Database

set(CMAKE_EXPORT_COMPILE_COMMANDS ON)
add_custom_target(database COMMAND ${CMAKE_COMMAND} -E copy_if_different "${INT_DIR}/compile_commands.json" "${OUT_DIR}")

# Setup Target

add_executable(${TARGET} ${CC_SRC_FILES})
set_target_properties(${TARGET} PROPERTIES PREFIX "" OUTPUT_NAME "${TARGET}")
set_target_properties(${TARGET} PROPERTIES RUNTIME_OUTPUT_DIRECTORY ${OUT_DIR} LINK_DEPENDS ${LD_SCRIPT})
target_include_directories(${TARGET} PUBLIC ${INC_PATHS})
target_link_libraries(${TARGET} ${LIB_FILES})
