# CMSIS Build CMakeLists generated on 2021-07-05T13:43:43

cmake_minimum_required(VERSION 3.22)

# Target options

set(TARGET CM33_ns)
set(CPU Cortex-M33)
set(PRJ_DIR "C:/sandbox/devtools/build/TestOutput/TestData/Examples/AC6/TrustZone/CM33_ns")
set(OUT_DIR "C:/sandbox/devtools/build/TestOutput/TestData/Examples/AC6/TrustZone/CM33_ns/OutDir")
set(INT_DIR "C:/sandbox/devtools/build/TestOutput/TestData/Examples/AC6/TrustZone/CM33_ns/IntDir")
set(FPU SP_FPU)
set(DSP DSP)
set(TZ TZ)
set(SECURE Non-secure)
set(MVE NO_MVE)
set(BYTE_ORDER Little-endian)
set(CC_FLAGS_GLOBAL "-D__MICROLIB -O1 -Weverything -Wno-documentation -Wno-documentation-unknown-command -Wno-license-management -Wno-packed -Wno-parentheses-equality  -Wno-reserved-id-macro -Wno-unused-macros -fno-function-sections -fno-rtti -fshort-enums -fshort-wchar -funsigned-char -gdwarf-3 -std=c99 -xc")
set(LD_FLAGS_GLOBAL "--callgraph --entry=Reset_Handler --info sizes --info summarysizes --info totals --info unused --info veneers --library_type=microlib --load_addr_map_info --map --strict --summary_stderr --symbols --xref")
set(LD_SCRIPT "C:/sandbox/devtools/build/TestOutput/TestData/Examples/AC6/TrustZone/CM33_ns/RTE/Device/ARMCM33_DSP_FP_TZ/ARMCM33_AC6.sct")

set(DEFINES
  ARMCM33_DSP_FP_TZ
  _RTE_
)

set(INC_PATHS
  "C:/Users/Test/AppData/Local/Arm/Packs/ARM/CMSIS/5.8.0/CMSIS/Core/Include"
  "C:/Users/Test/AppData/Local/Arm/Packs/ARM/CMSIS/5.8.0/CMSIS/RTOS2/Include"
  "C:/Users/Test/AppData/Local/Arm/Packs/ARM/CMSIS/5.8.0/CMSIS/RTOS2/RTX/Include"
  "C:/Users/Test/AppData/Local/Arm/Packs/ARM/CMSIS/5.8.0/Device/ARM/ARMCM33/Include"
  "C:/sandbox/devtools/build/TestOutput/TestData/Examples/AC6/TrustZone/CM33_ns/RTE/CMSIS"
  "C:/sandbox/devtools/build/TestOutput/TestData/Examples/AC6/TrustZone/CM33_ns/RTE/_FVP_Simulation_Model"
  "C:/sandbox/devtools/build/TestOutput/TestData/Examples/AC6/TrustZone/CM33_s"
)

set(CC_SRC_FILES
  "C:/sandbox/devtools/build/TestOutput/TestData/Examples/AC6/TrustZone/CM33_ns/main_ns.c"
  "C:/sandbox/devtools/build/TestOutput/TestData/Examples/AC6/TrustZone/CM33_ns/RTE/CMSIS/RTX_Config.c"
  "C:/Users/Test/AppData/Local/Arm/Packs/ARM/CMSIS/5.8.0/CMSIS/RTOS2/RTX/Source/rtx_lib.c"
  "C:/sandbox/devtools/build/TestOutput/TestData/Examples/AC6/TrustZone/CM33_ns/RTE/Device/ARMCM33_DSP_FP_TZ/startup_ARMCM33.c"
  "C:/sandbox/devtools/build/TestOutput/TestData/Examples/AC6/TrustZone/CM33_ns/RTE/Device/ARMCM33_DSP_FP_TZ/system_ARMCM33.c"
)

set(LIB_FILES
  "C:/Users/Test/AppData/Local/Arm/Packs/ARM/CMSIS/5.8.0/CMSIS/RTOS2/RTX/Library/ARM/RTX_V8MMFN.lib"
  "C:/sandbox/devtools/build/TestOutput/TestData/Examples/AC6/TrustZone/CM33_s/Objects/CM33_s_CMSE_Lib.o"
)

# Toolchain config map

set(REGISTERED_TOOLCHAIN_ROOT "C:/Compilers/AC6/6.18.0/bin")
set(REGISTERED_TOOLCHAIN_VERSION "6.18.0")
set(TOOLCHAIN_VERSION_MIN "6.0.0")
set(TOOLCHAIN_VERSION_MAX "6.99.99")
include ("sandbox/cbuild/etc/AC6.6.18.0.cmake")
include ("sandbox/cbuild/etc/CMSIS-Build-Utils.cmake")

# Setup project

project(${TARGET} LANGUAGES C)

cbuild_get_running_toolchain(TOOLCHAIN_ROOT TOOLCHAIN_VERSION C)

# Global Flags

cbuild_get_system_includes(CC_SYS_INC_PATHS_LIST CC_SYS_INC_PATHS)
set(CMAKE_C_FLAGS "${CC_CPU} ${CC_BYTE_ORDER} ${CC_DEFINES} ${CC_SECURE} ${CC_FLAGS} ${CC_FLAGS_GLOBAL} ${CC_SYS_INC_PATHS}")
set(CMAKE_C_LINK_FLAGS "${LD_CPU} ${_LS}\"${LD_SCRIPT}\" ${LD_SECURE} ${LD_FLAGS_GLOBAL} ${LD_FLAGS}")

# Compilation Database

set(CMAKE_EXPORT_COMPILE_COMMANDS ON)
add_custom_target(database COMMAND ${CMAKE_COMMAND} -E copy_if_different "${INT_DIR}/compile_commands.json" "${OUT_DIR}")

# Setup Target

add_executable(${TARGET} ${CC_SRC_FILES})
set_target_properties(${TARGET} PROPERTIES PREFIX "" OUTPUT_NAME "${TARGET}")
set_target_properties(${TARGET} PROPERTIES RUNTIME_OUTPUT_DIRECTORY ${OUT_DIR} LINK_DEPENDS ${LD_SCRIPT})
target_include_directories(${TARGET} PUBLIC ${INC_PATHS})
target_link_libraries(${TARGET} ${LIB_FILES})
