# CMSIS Build CMakeLists generated on 2021-06-30T15:29:13

cmake_minimum_required(VERSION 3.22)

# Target options

set(TARGET PreInclude)
set(CPU Cortex-M3)
set(PRJ_DIR "C:/sandbox/devtools/build/TestOutput/TestData/Examples/GCC/Pre Include")
set(OUT_DIR "C:/sandbox/devtools/build/TestOutput/TestData/Examples/GCC/Pre Include/OutDir")
set(INT_DIR "C:/sandbox/devtools/build/TestOutput/TestData/Examples/GCC/Pre Include/IntDir")
set(FPU NO_FPU)
set(DSP NO_DSP)
set(TZ NO_TZ)
set(SECURE Non-secure)
set(MVE NO_MVE)
set(BYTE_ORDER Little-endian)
set(CC_FLAGS_GLOBAL "-O -Wall -gdwarf-2 -mapcs-frame -mthumb -mthumb-interwork")
set(LD_FLAGS_GLOBAL "--entry=Reset_Handler --specs=nosys.specs -mcpu=cortex-m3 -mthumb -mthumb-interwork")
set(LD_SCRIPT "C:/sandbox/devtools/build/TestOutput/TestData/Examples/GCC/Pre Include/RTE/Device/ARMCM3/gcc_arm.ld")

set(DEFINES
  ARMCM3
  _RTE_
)

set(INC_PATHS
  "C:/Users/Test/AppData/Local/Arm/Packs/ARM/CMSIS/5.8.0/CMSIS/Core/Include"
  "C:/Users/Test/AppData/Local/Arm/Packs/ARM/CMSIS/5.8.0/CMSIS/RTOS2/Include"
  "C:/Users/Test/AppData/Local/Arm/Packs/ARM/CMSIS/5.8.0/CMSIS/RTOS2/RTX/Include"
  "C:/Users/Test/AppData/Local/Arm/Packs/ARM/CMSIS/5.8.0/Device/ARM/ARMCM3/Include"
  "C:/sandbox/devtools/build/TestOutput/TestData/Examples/GCC/Pre Include/RTE/CMSIS"
  "C:/sandbox/devtools/build/TestOutput/TestData/Examples/GCC/Pre Include/RTE/_Target"
  "C:/sandbox/devtools/build/TestOutput/TestData/Examples/GCC/Pre Include/include"
)

set(CC_SRC_FILES
  "C:/sandbox/devtools/build/TestOutput/TestData/Examples/GCC/Pre Include/Blinky.c"
  "C:/sandbox/devtools/build/TestOutput/TestData/Examples/GCC/Pre Include/RTE/CMSIS/RTX_Config.c"
  "C:/Users/Test/AppData/Local/Arm/Packs/ARM/CMSIS/5.8.0/CMSIS/RTOS2/RTX/Source/rtx_lib.c"
  "C:/sandbox/devtools/build/TestOutput/TestData/Examples/GCC/Pre Include/RTE/Device/ARMCM3/startup_ARMCM3.c"
  "C:/sandbox/devtools/build/TestOutput/TestData/Examples/GCC/Pre Include/RTE/Device/ARMCM3/system_ARMCM3.c"
  "C:/Users/Test/AppData/Local/Arm/Packs/Keil/PreIncludeTestPack/0.0.2/Files/test1.c"
  "C:/Users/Test/AppData/Local/Arm/Packs/Keil/PreIncludeTestPack/0.0.2/Files/test2.c"
)

set(LIB_FILES
  "C:/Users/Test/AppData/Local/Arm/Packs/ARM/CMSIS/5.8.0/CMSIS/RTOS2/RTX/Library/GCC/libRTX_CM3.a"
)

set(PRE_INC_GLOBAL
  "C:/sandbox/devtools/build/TestOutput/TestData/Examples/GCC/Pre Include/RTE/TestClass/config-header1.h"
  "C:/Users/Test/AppData/Local/Arm/Packs/Keil/PreIncludeTestPack/0.0.2/Files/header1.h"
  "C:/sandbox/devtools/build/TestOutput/TestData/Examples/GCC/Pre Include/RTE/_Target/Pre_Include_Global.h"
)

set(PRE_INC_LOCAL_C:/Users/Test/AppData/Local/Arm/Packs/Keil/PreIncludeTestPack/0.0.2/Files/test2.c
  "C:/Users/Test/AppData/Local/Arm/Packs/Keil/PreIncludeTestPack/0.0.2/Files/header2.h"
  "C:/sandbox/devtools/build/TestOutput/TestData/Examples/GCC/Pre Include/RTE/TestClass/config-header2.h"
  "C:/sandbox/devtools/build/TestOutput/TestData/Examples/GCC/Pre Include/RTE/_Target/Pre_Include__TestClass_TestLocal.h"
)

# Toolchain config map

set(REGISTERED_TOOLCHAIN_ROOT "C:/Compilers/GCC/10.3.1/bin")
set(REGISTERED_TOOLCHAIN_VERSION "10.3.1")
set(TOOLCHAIN_VERSION_MIN "9.2.1")
include ("C:/sandbox/cbuild/etc/GCC.10.3.1.cmake")
include ("C:/sandbox/cbuild/etc/CMSIS-Build-Utils.cmake")

# Setup project

project(${TARGET} LANGUAGES C)

cbuild_get_running_toolchain(TOOLCHAIN_ROOT TOOLCHAIN_VERSION C)

# Global Flags

cbuild_get_system_includes(CC_SYS_INC_PATHS_LIST CC_SYS_INC_PATHS)
set(CMAKE_C_FLAGS "${CC_CPU} ${CC_BYTE_ORDER} ${CC_DEFINES} ${CC_SECURE} ${CC_FLAGS} ${CC_SYS_INC_PATHS}")
set(CMAKE_C_LINK_FLAGS "${LD_CPU} ${_LS}\"${LD_SCRIPT}\" ${LD_SECURE} ${LD_FLAGS_GLOBAL} ${LD_FLAGS}")

foreach(ENTRY ${PRE_INC_GLOBAL})
  string(APPEND CMAKE_C_FLAGS " ${_PI}\"${ENTRY}\"")
endforeach()

# Local Flags

foreach(SRC ${CC_SRC_FILES})
  string(REPLACE " " "?" S ${SRC})
  set(CC_FLAGS_LOCAL "${CC_FLAGS_GLOBAL}")
  if(DEFINED PRE_INC_LOCAL_${S})
    foreach(ENTRY ${PRE_INC_LOCAL_${S}})
      string(APPEND CC_FLAGS_LOCAL " ${_PI}\"${ENTRY}\"")
    endforeach()
  endif()
  set_source_files_properties(${SRC} PROPERTIES COMPILE_FLAGS "${CC_FLAGS_LOCAL}")
endforeach()

# Compilation Database

set(CMAKE_EXPORT_COMPILE_COMMANDS ON)
add_custom_target(database COMMAND ${CMAKE_COMMAND} -E copy_if_different "${INT_DIR}/compile_commands.json" "${OUT_DIR}")

# Setup Target

add_executable(${TARGET} ${CC_SRC_FILES})
set_target_properties(${TARGET} PROPERTIES PREFIX "" OUTPUT_NAME "${TARGET}")
set_target_properties(${TARGET} PROPERTIES RUNTIME_OUTPUT_DIRECTORY ${OUT_DIR} LINK_DEPENDS ${LD_SCRIPT})
target_include_directories(${TARGET} PUBLIC ${INC_PATHS})
target_link_libraries(${TARGET} ${LIB_FILES})
