# CMSIS Build CMakeLists generated on 2021-06-30T14:11:24

cmake_minimum_required(VERSION 3.22)

# Target options

set(TARGET Project)
set(CPU Cortex-M3)
set(PRJ_DIR "C:/sandbox/devtools/build/TestOutput/TestData/Examples/GCC/RelativePath")
set(OUT_DIR "C:/sandbox/devtools/build/TestOutput/TestData/Examples/GCC/RelativePath/OutDir")
set(INT_DIR "C:/sandbox/devtools/build/TestOutput/TestData/Examples/GCC/RelativePath/IntDir")
set(FPU NO_FPU)
set(DSP NO_DSP)
set(TZ NO_TZ)
set(SECURE Non-secure)
set(MVE NO_MVE)
set(BYTE_ORDER Little-endian)
set(CC_FLAGS_GLOBAL "-O -Wall -gdwarf-2 -mapcs-frame -mthumb")
set(LD_FLAGS_GLOBAL "--entry=Reset_Handler --specs=nosys.specs -mcpu=cortex-m3 -mthumb")
set(LD_SCRIPT "C:/sandbox/devtools/build/TestOutput/TestData/Examples/GCC/RelativePath/RTE/Device/ARMCM3/gcc_arm.ld")

set(DEFINES
  ARMCM3
  _RTE_
  DEF1
  DEF2=2
)

set(INC_PATHS
  "C:/sandbox/devtools/build/TestOutput/TestData/Examples/GCC/RelativePath/RTE/_Project"
  "C:/Users/Test/AppData/Local/Arm/Packs/ARM/CMSIS/5.8.0/CMSIS/Core/Include"
  "C:/Users/Test/AppData/Local/Arm/Packs/ARM/CMSIS/5.8.0/Device/ARM/ARMCM3/Include"
  "C:/sandbox/devtools/build/TestOutput/TestData/Examples/GCC/RelativePath/inc"
  "C:/sandbox/devtools/build/TestOutput/TestData/Examples/GCC/RelativePath/inc2"
)

set(CC_SRC_FILES
  "C:/sandbox/devtools/build/TestOutput/TestData/Examples/GCC/RelativePath/File.c"
  "C:/sandbox/devtools/build/TestOutput/TestData/Examples/GCC/RelativePath/RTE/Device/ARMCM3/startup_ARMCM3.c"
  "C:/sandbox/devtools/build/TestOutput/TestData/Examples/GCC/RelativePath/RTE/Device/ARMCM3/system_ARMCM3.c"
)

# Toolchain config map

set(REGISTERED_TOOLCHAIN_ROOT "C:/Compilers/GCC/10.3.1/bin")
set(REGISTERED_TOOLCHAIN_VERSION "10.3.1")
set(TOOLCHAIN_VERSION_MIN "9.2.1")
include ("C:/sandbox/cbuild/etc/GCC.10.3.1.cmake")
include ("C:/sandbox/cbuild/etc/CMSIS-Build-Utils.cmake")

# Setup project

project(${TARGET} LANGUAGES C)

cbuild_get_running_toolchain(TOOLCHAIN_ROOT TOOLCHAIN_VERSION C)

# Global Flags

cbuild_get_system_includes(CC_SYS_INC_PATHS_LIST CC_SYS_INC_PATHS)
set(CMAKE_C_FLAGS "${CC_CPU} ${CC_BYTE_ORDER} ${CC_DEFINES} ${CC_SECURE} ${CC_FLAGS} ${CC_FLAGS_GLOBAL} ${CC_SYS_INC_PATHS}")
set(CMAKE_C_LINK_FLAGS "${LD_CPU} ${_LS}\"${LD_SCRIPT}\" ${LD_SECURE} ${LD_FLAGS_GLOBAL} ${LD_FLAGS}")

# Compilation Database

set(CMAKE_EXPORT_COMPILE_COMMANDS ON)
add_custom_target(database COMMAND ${CMAKE_COMMAND} -E copy_if_different "${INT_DIR}/compile_commands.json" "${OUT_DIR}")

# Setup Target

add_executable(${TARGET} ${CC_SRC_FILES})
set_target_properties(${TARGET} PROPERTIES PREFIX "" OUTPUT_NAME "${TARGET}")
set_target_properties(${TARGET} PROPERTIES RUNTIME_OUTPUT_DIRECTORY ${OUT_DIR} LINK_DEPENDS ${LD_SCRIPT})
target_include_directories(${TARGET} PUBLIC ${INC_PATHS})
